  Geri y├╝klenecek projeler belirleniyor...
  Geri y├╝kleme i├ğin t├╝m projeler g├╝ncel.
  VarlikKatmani -> C:\Users\ENES\Desktop\c# proje\SOHAT\VarlikKatmani\bin\Debug\net9.0\VarlikKatmani.dll
  VeriErisimKatmani -> C:\Users\ENES\Desktop\c# proje\SOHAT\VeriErisimKatmani\bin\Debug\net9.0\VeriErisimKatmani.dll
  IsKatmani -> C:\Users\ENES\Desktop\c# proje\SOHAT\IsKatmani\bin\Debug\net9.0\IsKatmani.dll
C:\Users\ENES\Desktop\c# proje\SOHAT\SunumKatmani\HastaKabulForm.cs(62,39): error CS0117: 'HastaDAL' bir 'HastaGetir' tan─▒m─▒ i├ğermiyor [C:\Users\ENES\Desktop\c# proje\SOHAT\SunumKatmani\SunumKatmani.csproj]
C:\Users\ENES\Desktop\c# proje\SOHAT\SunumKatmani\HastaKabulForm.cs(113,33): error CS1061: 'Islem' bir 'Fiyat' tan─▒m─▒ i├ğermiyor ve 'Islem' t├╝r├╝nde bir ilk ba─ş─▒ms─▒z de─şi┼şken kabul eden hi├ğbir eri┼şilebilir 'Fiyat' geni┼şletme y├Ântemi bulunamad─▒ (bir kullanma y├Ânergeniz veya derleme ba┼şvurunuz eksik olabilir mi?) [C:\Users\ENES\Desktop\c# proje\SOHAT\SunumKatmani\SunumKatmani.csproj]
C:\Users\ENES\Desktop\c# proje\SOHAT\SunumKatmani\KullaniciTanimaForm.Designer.cs(550,47): warning CS0169: 'KullaniciTanimaForm.cmbKullaniciKodu' alan─▒ hi├ğbir zaman kullan─▒lmaz [C:\Users\ENES\Desktop\c# proje\SOHAT\SunumKatmani\SunumKatmani.csproj]

Olu┼şturma BA┼ŞARISIZ OLDU.

C:\Users\ENES\Desktop\c# proje\SOHAT\SunumKatmani\KullaniciTanimaForm.Designer.cs(550,47): warning CS0169: 'KullaniciTanimaForm.cmbKullaniciKodu' alan─▒ hi├ğbir zaman kullan─▒lmaz [C:\Users\ENES\Desktop\c# proje\SOHAT\SunumKatmani\SunumKatmani.csproj]
C:\Users\ENES\Desktop\c# proje\SOHAT\SunumKatmani\HastaKabulForm.cs(62,39): error CS0117: 'HastaDAL' bir 'HastaGetir' tan─▒m─▒ i├ğermiyor [C:\Users\ENES\Desktop\c# proje\SOHAT\SunumKatmani\SunumKatmani.csproj]
C:\Users\ENES\Desktop\c# proje\SOHAT\SunumKatmani\HastaKabulForm.cs(113,33): error CS1061: 'Islem' bir 'Fiyat' tan─▒m─▒ i├ğermiyor ve 'Islem' t├╝r├╝nde bir ilk ba─ş─▒ms─▒z de─şi┼şken kabul eden hi├ğbir eri┼şilebilir 'Fiyat' geni┼şletme y├Ântemi bulunamad─▒ (bir kullanma y├Ânergeniz veya derleme ba┼şvurunuz eksik olabilir mi?) [C:\Users\ENES\Desktop\c# proje\SOHAT\SunumKatmani\SunumKatmani.csproj]
    1 Uyar─▒
    2 Hata

Ge├ğen S├╝re 00:00:00.86
